11:15:22 [vite] Re-optimizing dependencies because vite config has changed
11:15:23 [types] Generated 834ms
11:15:23 [build] output: "static"
11:15:23 [build] mode: "static"
11:15:23 [build] directory: /tmp/real-estate-focused-dist/
11:15:23 [build] Collecting build info...
11:15:23 [build] ✓ Completed in 909ms.
11:15:23 [build] Building static entrypoints...
11:15:42 [vite] ✓ built in 18.58s
11:16:21 [WARN] [vite]
(!) Some chunks are larger than 500 kB after minification. Consider:
- Using dynamic import() to code-split the application
- Use build.rollupOptions.output.manualChunks to improve chunking: https://rollupjs.org/configuration-options/#output-manualchunks
- Adjust chunk size limit for this warning via build.chunkSizeWarningLimit.
11:16:21 [vite] ✓ built in 39.25s
11:16:21 [build] Rearranging server assets...

 generating static routes
11:16:22   ├─ /real-estate/methodology.json (+94ms)
11:16:22   ├─ /real-estate/openapi.json (+24ms)
11:16:22   ├─ /real-estate/index.html (+105ms)
11:16:22   ├─ /real-estate.json (+25ms)
11:16:22 ✓ Completed in 865ms.

11:16:22 [pointcast-on-page-seo] [seo] normalized metadata for 1 generated HTML pages
11:16:22 [build] ✓ Completed in 59.03s.
11:16:22 [@astrojs/sitemap] `sitemap-index.xml` created at `../../../tmp/real-estate-focused-dist`
11:16:22 [build] 1 page(s) built in 59.99s
11:16:22 [build] Complete!
